AR lifecount behavioral C:/Users/asus/Desktop/ProjectBitikGibi/Project/lifeCount.vhd sub00/vhpl17 1575134476
AR slowerclock behavioral C:/Users/asus/Desktop/ProjectBitikGibi/seven_segment/slowerClock.vhd sub00/vhpl02 1575134464
AR sevensegment behavioral C:/Users/asus/Desktop/ProjectBitikGibi/seven_segment/sevenSegment.vhd sub00/vhpl08 1575134478
AR driver behavioral C:/Users/asus/Desktop/ProjectBitikGibi/seven_segment/driver.vhd sub00/vhpl04 1575134466
AR main behavioral C:/Users/asus/Desktop/ProjectBitikGibi/Project/main.vhd sub00/vhpl09 1575134480
EN slowerclock NULL C:/Users/asus/Desktop/ProjectBitikGibi/seven_segment/slowerClock.vhd sub00/vhpl01 1575134463
AR clk_divider behavioral C:/Users/asus/Desktop/ProjectBitikGibi/Project/clk_divider.vhd sub00/vhpl11 1575134470
EN clk_divider NULL C:/Users/asus/Desktop/ProjectBitikGibi/Project/clk_divider.vhd sub00/vhpl10 1575134469
EN main NULL C:/Users/asus/Desktop/ProjectBitikGibi/Project/main.vhd sub00/vhpl00 1575134479
AR decoder behavioral C:/Users/asus/Desktop/ProjectBitikGibi/seven_segment/decoder.vhd sub00/vhpl06 1575134468
EN sevensegment NULL C:/Users/asus/Desktop/ProjectBitikGibi/seven_segment/sevenSegment.vhd sub00/vhpl07 1575134477
EN lifecount NULL C:/Users/asus/Desktop/ProjectBitikGibi/Project/lifeCount.vhd sub00/vhpl16 1575134475
AR showwhere behavioral C:/Users/asus/Desktop/ProjectBitikGibi/Project/showWhere.vhd sub00/vhpl15 1575134474
AR random behavioral C:/Users/asus/Desktop/ProjectBitikGibi/Project/random.vhd sub00/vhpl13 1575134472
EN random NULL C:/Users/asus/Desktop/ProjectBitikGibi/Project/random.vhd sub00/vhpl12 1575134471
EN showwhere NULL C:/Users/asus/Desktop/ProjectBitikGibi/Project/showWhere.vhd sub00/vhpl14 1575134473
EN driver NULL C:/Users/asus/Desktop/ProjectBitikGibi/seven_segment/driver.vhd sub00/vhpl03 1575134465
EN decoder NULL C:/Users/asus/Desktop/ProjectBitikGibi/seven_segment/decoder.vhd sub00/vhpl05 1575134467
